// Vitest Snapshot v1, https://vitest.dev/guide/snapshot.html

exports[`structured diagnostics > exports useful structured data with a redaction snapshot 1`] = `"{"format":"relay-studio-diagnostics","schemaVersion":1,"generatedAt":"2026-07-11T21:00:00.000Z","appVersion":"0.1.0","platform":"macos","project":{"id":"sample-api-regression","name":"Sample API Regression","schemaVersion":1,"serviceCount":13,"flowCount":3,"environmentCount":3},"recentEvents":[{"sequence":1,"phase":"sendRequest","level":"info","message":"Authorization: Bearer ********"},{"sequence":2,"phase":"error","level":"error","message":"password=********"}]}"`;
